
> @paperclipai/ui@0.3.1 build /Users/iiwish/self/verrail/ui
> vite build

vite v6.4.3 building for production...
transforming...
Found 4 warnings while optimizing generated CSS:

Issue #1:
[2m│   --status-task-icon-cancelled: #9a958a;[22m
[2m│ }[22m
[2m│[22m ::highlight(paperclip-doc-annotation-open) {
[2m┆[22m             [33m[2m^--[22m 'highlight' is not recognized as a valid pseudo-element. Did you mean ':highlight' (pseudo-class) or is this a typo?[39m
[2m┆[22m
[2m│   background-color: var(--paperclip-doc-annotation-highlight-open);[22m
[2m│   color: inherit;[22m

Issue #2:
[2m│   color: inherit;[22m
[2m│ }[22m
[2m│[22m ::highlight(paperclip-doc-annotation-focused) {
[2m┆[22m             [33m[2m^--[22m 'highlight' is not recognized as a valid pseudo-element. Did you mean ':highlight' (pseudo-class) or is this a typo?[39m
[2m┆[22m
[2m│   background-color: var(--paperclip-doc-annotation-highlight-focused);[22m
[2m│   color: inherit;[22m

Issue #3:
[2m│   color: inherit;[22m
[2m│ }[22m
[2m│[22m ::highlight(paperclip-doc-annotation-stale) {
[2m┆[22m             [33m[2m^--[22m 'highlight' is not recognized as a valid pseudo-element. Did you mean ':highlight' (pseudo-class) or is this a typo?[39m
[2m┆[22m
[2m│   background-color: var(--paperclip-doc-annotation-highlight-stale);[22m
[2m│   color: inherit;[22m

Issue #4:
[2m│   color: inherit;[22m
[2m│ }[22m
[2m│[22m ::highlight(paperclip-doc-annotation-resolved) {
[2m┆[22m             [33m[2m^--[22m 'highlight' is not recognized as a valid pseudo-element. Did you mean ':highlight' (pseudo-class) or is this a typo?[39m
[2m┆[22m
[2m│   background-color: var(--paperclip-doc-annotation-highlight-resolved);[22m
[2m│   color: inherit;[22m


../fonts/InterVariable.woff2 referenced in ../fonts/InterVariable.woff2 didn't resolve at build time, it will remain unchanged to be resolved at runtime

../fonts/InterVariable-Italic.woff2 referenced in ../fonts/InterVariable-Italic.woff2 didn't resolve at build time, it will remain unchanged to be resolved at runtime
✓ 6851 modules transformed.
rendering chunks...
[plugin vite:reporter] 
(!) /Users/iiwish/self/verrail/ui/src/components/MarkdownEditor.tsx is dynamically imported by /Users/iiwish/self/verrail/ui/src/plugins/bridge-init.ts but also statically imported by /Users/iiwish/self/verrail/ui/src/components/AgentConfigForm.tsx, /Users/iiwish/self/verrail/ui/src/components/InlineEditor.tsx, /Users/iiwish/self/verrail/ui/src/components/IssueChatThread.tsx, /Users/iiwish/self/verrail/ui/src/components/IssueDocumentsSection.tsx, /Users/iiwish/self/verrail/ui/src/components/NewGoalDialog.tsx, /Users/iiwish/self/verrail/ui/src/components/NewIssueDialog.tsx, /Users/iiwish/self/verrail/ui/src/components/NewProjectDialog.tsx, /Users/iiwish/self/verrail/ui/src/components/PipelineItemBodyDocument.tsx, /Users/iiwish/self/verrail/ui/src/components/routine-sections/editable-sections.tsx, /Users/iiwish/self/verrail/ui/src/components/task-chat/TaskChatComposer.tsx, /Users/iiwish/self/verrail/ui/src/pages/AgentDetail.tsx, /Users/iiwish/self/verrail/ui/src/pages/CompanySkills.tsx, /Users/iiwish/self/verrail/ui/src/pages/PipelineSettings.tsx, /Users/iiwish/self/verrail/ui/src/pages/Routines.tsx, /Users/iiwish/self/verrail/ui/src/pages/SkillStudio.tsx, dynamic import will not move module into another chunk.

[plugin vite:reporter] 
(!) /Users/iiwish/self/verrail/ui/src/components/ConfigureBuiltInAgentModal.tsx is dynamically imported by /Users/iiwish/self/verrail/ui/src/pages/Agents.tsx but also statically imported by /Users/iiwish/self/verrail/ui/src/components/SummarySlotCard.tsx, /Users/iiwish/self/verrail/ui/src/pages/AgentDetail.tsx, dynamic import will not move module into another chunk.

computing gzip size...
dist/index.html                                           2.32 kB │ gzip:     0.90 kB
dist/assets/index-CKhAeRtn.css                          460.00 kB │ gzip:    66.63 kB
dist/assets/channel-Cw2EieV6.js                           0.11 kB │ gzip:     0.13 kB
dist/assets/init-Gi6I4Gst.js                              0.15 kB │ gzip:     0.13 kB
dist/assets/chunk-2Q5K7J3B-jrms9irY.js                    0.19 kB │ gzip:     0.16 kB
dist/assets/chunk-XXDRQBXY-C14CHccW.js                    0.24 kB │ gzip:     0.21 kB
dist/assets/chunk-JWPE2WC7-CBwnwP4_.js                    0.30 kB │ gzip:     0.21 kB
dist/assets/diff-DbItnlRl.js                              0.31 kB │ gzip:     0.24 kB
dist/assets/chunk-5VM5RSS4-dUD88wVK.js                    0.37 kB │ gzip:     0.27 kB
dist/assets/stateDiagram-v2-UEYNNEHI-CuV6PJ7M.js          0.43 kB │ gzip:     0.30 kB
dist/assets/classDiagram-JCYQIIEL-BQR3rwrc.js             0.47 kB │ gzip:     0.32 kB
dist/assets/classDiagram-v2-OCEON4UE-BQR3rwrc.js          0.47 kB │ gzip:     0.32 kB
dist/assets/chunk-KBJHAD2P-CY8x6JWe.js                    0.53 kB │ gzip:     0.37 kB
dist/assets/swimlanesDiagram-ULZ7WXOC-Bu_Wy-hP.js         0.55 kB │ gzip:     0.37 kB
dist/assets/infoDiagram-6WML65LV-DXjWXakk.js              0.59 kB │ gzip:     0.41 kB
dist/assets/brainfuck-C4LP7Hcl.js                         0.61 kB │ gzip:     0.33 kB
dist/assets/properties-C78fOPTZ.js                        0.67 kB │ gzip:     0.34 kB
dist/assets/cmake-BQqOBYOt.js                             0.78 kB │ gzip:     0.46 kB
dist/assets/asciiarmor-Df11BRmG.js                        0.79 kB │ gzip:     0.40 kB
dist/assets/http-DBlCnlav.js                              0.85 kB │ gzip:     0.42 kB
dist/assets/protobuf-ChK-085T.js                          0.86 kB │ gzip:     0.52 kB
dist/assets/solr-DehyRSwq.js                              0.87 kB │ gzip:     0.45 kB
dist/assets/troff-wAsdV37c.js                             0.96 kB │ gzip:     0.44 kB
dist/assets/sizeCapture-X5ZJPWSS-VM_VM5NY.js              1.00 kB │ gzip:     0.56 kB
dist/assets/spreadsheet-BCZA_wO0.js                       1.14 kB │ gzip:     0.54 kB
dist/assets/toml-Bm5Em-hy.js                              1.14 kB │ gzip:     0.54 kB
dist/assets/ordinal-Cboi1Yqb.js                           1.19 kB │ gzip:     0.57 kB
dist/assets/mbox-CNhZ1qSd.js                              1.40 kB │ gzip:     0.65 kB
dist/assets/railroadDiagram-AXF67PYL-BTOOdozF.js          1.61 kB │ gzip:     0.76 kB
dist/assets/sieve-C3Gn_uJK.js                             1.62 kB │ gzip:     0.77 kB
dist/assets/rpm-CTu-6PCP.js                               1.62 kB │ gzip:     0.82 kB
dist/assets/factor-kuTfRLto.js                            1.67 kB │ gzip:     0.61 kB
dist/assets/z80-Hz9HOZM7.js                               1.75 kB │ gzip:     0.81 kB
dist/assets/eiffel-CnydiIhH.js                            1.81 kB │ gzip:     0.91 kB
dist/assets/abnfDiagram-N423BO3Z-BWKbzCTK.js              1.81 kB │ gzip:     0.90 kB
dist/assets/chunk-2GRJ4B5K-PVI9JEDT.js                    1.88 kB │ gzip:     0.83 kB
dist/assets/elm-vLlmbW-K.js                               1.89 kB │ gzip:     0.81 kB
dist/assets/mathematica-DTrFuWx2.js                       1.92 kB │ gzip:     0.81 kB
dist/assets/dockerfile-BKs6k2Af.js                        1.95 kB │ gzip:     0.67 kB
dist/assets/pegDiagram-VL7TDLO6-8v6U7gyW.js               1.96 kB │ gzip:     0.93 kB
dist/assets/turtle-B1tBg_DP.js                            1.98 kB │ gzip:     0.90 kB
dist/assets/ebnf-CDyGwa7X.js                              1.99 kB │ gzip:     0.80 kB
dist/assets/ebnfDiagram-BXEA7PRR-BL-peooq.js              2.01 kB │ gzip:     0.89 kB
dist/assets/smalltalk-CnHTOXQT.js                         2.01 kB │ gzip:     0.85 kB
dist/assets/dtd-DF_7sFjM.js                               2.06 kB │ gzip:     0.87 kB
dist/assets/mumps-BT43cFF4.js                             2.07 kB │ gzip:     0.98 kB
dist/assets/fcl-Kvtd6kyn.js                               2.08 kB │ gzip:     0.95 kB
dist/assets/ntriples-BfvgReVJ.js                          2.10 kB │ gzip:     0.74 kB
dist/assets/yacas-BJ4BC0dw.js                             2.15 kB │ gzip:     1.09 kB
dist/assets/simple-mode-GW_nhZxv.js                       2.28 kB │ gzip:     1.09 kB
dist/assets/apl-B4CMkyY2.js                               2.30 kB │ gzip:     1.20 kB
dist/assets/pascal--L3eBynH.js                            2.30 kB │ gzip:     1.19 kB
dist/assets/octave-Ck1zUtKM.js                            2.31 kB │ gzip:     1.09 kB
dist/assets/commonlisp-DBKNyK5s.js                        2.32 kB │ gzip:     1.09 kB
dist/assets/tcl-DVfN8rqt.js                               2.36 kB │ gzip:     1.22 kB
dist/assets/index-DS5QTQCx.js                             2.42 kB │ gzip:     1.48 kB
dist/assets/webidl-ZXfAyPTL.js                            2.52 kB │ gzip:     1.24 kB
dist/assets/pig-CevX1Tat.js                               2.53 kB │ gzip:     1.35 kB
dist/assets/puppet-DMA9R1ak.js                            2.54 kB │ gzip:     1.19 kB
dist/assets/forth-Ffai-XNe.js                             2.54 kB │ gzip:     1.31 kB
dist/assets/shell-CjFT_Tl9.js                             2.57 kB │ gzip:     1.20 kB
dist/assets/index-BCl2R1Pl.js                             2.63 kB │ gzip:     1.46 kB
dist/assets/velocity-D8B20fx6.js                          2.67 kB │ gzip:     1.11 kB
dist/assets/tiddlywiki-DO-Gjzrf.js                        2.78 kB │ gzip:     1.06 kB
dist/assets/modelica-Dc1JOy9r.js                          2.79 kB │ gzip:     1.28 kB
dist/assets/oz-BzwKVEFT.js                                2.90 kB │ gzip:     1.28 kB
dist/assets/r-B6wPVr8A.js                                 2.94 kB │ gzip:     1.36 kB
dist/assets/stex-C3f8Ysf7.js                              3.12 kB │ gzip:     1.20 kB
dist/assets/tiki-DGYXhP31.js                              3.25 kB │ gzip:     1.26 kB
dist/assets/vhdl-lSbBsy5d.js                              3.35 kB │ gzip:     1.51 kB
dist/assets/lua-VAEuO923.js                               3.41 kB │ gzip:     1.42 kB
dist/assets/arc-UNv8HdaM.js                               3.43 kB │ gzip:     1.45 kB
dist/assets/index-B0Tq9cnK.js                             3.43 kB │ gzip:     1.71 kB
dist/assets/mscgen-BA5vi2Kp.js                            3.51 kB │ gzip:     0.97 kB
dist/assets/sparql-DkYu6x3z.js                            3.55 kB │ gzip:     1.61 kB
dist/assets/cypher-C_CwsFkJ.js                            3.56 kB │ gzip:     1.52 kB
dist/assets/d-pRatUO7H.js                                 3.72 kB │ gzip:     1.67 kB
dist/assets/coffeescript-S37ZYGWr.js                      3.87 kB │ gzip:     1.67 kB
dist/assets/vb-CmGdzxic.js                                3.90 kB │ gzip:     1.78 kB
dist/assets/swift-BzpIVaGY.js                             3.96 kB │ gzip:     1.78 kB
dist/assets/asn1-EdZsLKOL.js                              3.98 kB │ gzip:     1.92 kB
dist/assets/q-pXgVlZs6.js                                 4.03 kB │ gzip:     1.66 kB
dist/assets/ttcn-cfg-B9xdYoR4.js                          4.05 kB │ gzip:     1.69 kB
dist/assets/dylan-DwRh75JA.js                             4.05 kB │ gzip:     1.64 kB
dist/assets/livescript-BwQOo05w.js                        4.09 kB │ gzip:     1.62 kB
dist/assets/groovy-D9Dt4D0W.js                            4.14 kB │ gzip:     1.76 kB
dist/assets/haskell-Cw1EW3IL.js                           4.17 kB │ gzip:     1.86 kB
dist/assets/diagram-LBJQPF4R-vEHmk9mZ.js                  4.24 kB │ gzip:     1.84 kB
dist/assets/asterisk-B-8jnY81.js                          4.48 kB │ gzip:     1.78 kB
dist/assets/gas-Bneqetm1.js                               4.57 kB │ gzip:     1.28 kB
dist/assets/fortran-DYz_wnZ1.js                           4.65 kB │ gzip:     2.00 kB
dist/assets/defaultLocale-DX6XiGOO.js                     4.69 kB │ gzip:     2.17 kB
dist/assets/mllike-CXdrOF99.js                            4.79 kB │ gzip:     1.54 kB
dist/assets/ttcn-CfJYG6tj.js                              4.80 kB │ gzip:     2.10 kB
dist/assets/map-Czzmt4hB.js                               5.07 kB │ gzip:     2.06 kB
dist/assets/index-BGc8Icrp.js                             5.10 kB │ gzip:     2.37 kB
dist/assets/ecl-Cabwm37j.js                               5.13 kB │ gzip:     2.29 kB
dist/assets/crystal-SjHAIU92.js                           5.13 kB │ gzip:     2.05 kB
dist/assets/ruby-B2Rjki9n.js                              5.16 kB │ gzip:     2.13 kB
dist/assets/julia-DuME0IfC.js                             5.39 kB │ gzip:     2.12 kB
dist/assets/linear-DqboDTZE.js                            5.66 kB │ gzip:     2.32 kB
dist/assets/vbscript-BuJXcnF6.js                          5.82 kB │ gzip:     2.55 kB
dist/assets/mirc-CjQqDB4T.js                              5.92 kB │ gzip:     2.66 kB
dist/assets/cobol-CWcv1MsR.js                             6.20 kB │ gzip:     2.91 kB
dist/assets/diagram-UB23O5K3-DGR3WX0n.js                  6.23 kB │ gzip:     2.67 kB
dist/assets/pieDiagram-7S7Q4E2Y-D2fJpyRo.js               6.35 kB │ gzip:     2.66 kB
dist/assets/scheme-C41bIUwD.js                            6.37 kB │ gzip:     2.39 kB
dist/assets/python-BuPzkPfP.js                            6.48 kB │ gzip:     2.71 kB
dist/assets/xquery-DzFWVndE.js                            6.62 kB │ gzip:     2.56 kB
dist/assets/pug-DeIclll2.js                               6.67 kB │ gzip:     1.95 kB
dist/assets/textile-CnDTJFAw.js                           6.80 kB │ gzip:     2.43 kB
dist/assets/nsis-LdVXkNf5.js                              6.81 kB │ gzip:     2.96 kB
dist/assets/chunk-RYQCIY6F-asJK6ARl.js                    7.18 kB │ gzip:     2.78 kB
dist/assets/nginx-DdIZxoE0.js                             7.34 kB │ gzip:     2.73 kB
dist/assets/powershell-CFHJl5sT.js                        7.77 kB │ gzip:     3.30 kB
dist/assets/haxe-H-WmDvRZ.js                              7.89 kB │ gzip:     2.92 kB
dist/assets/erlang-BNw1qcRV.js                            8.10 kB │ gzip:     2.86 kB
dist/assets/verilog-C6RDOZhf.js                           8.24 kB │ gzip:     3.47 kB
dist/assets/index-Kdq7VTq0.js                             8.37 kB │ gzip:     3.59 kB
dist/assets/diagram-7IWD3JNH-Fcial2nq.js                  8.47 kB │ gzip:     3.77 kB
dist/assets/dagre-VZM6K2ZE-BoKAo4X-.js                    8.90 kB │ gzip:     3.40 kB
dist/assets/sas-B4kiWyti.js                               9.33 kB │ gzip:     4.07 kB
dist/assets/perl-CdXCOZ3F.js                              9.75 kB │ gzip:     3.40 kB
dist/assets/cynefinDiagram-MW4NZA55-ioxirOgp.js          10.10 kB │ gzip:     3.61 kB
dist/assets/gherkin-heZmZLOM.js                          10.16 kB │ gzip:     4.96 kB
dist/assets/stateDiagram-OKZ733FA-Cn6_FA9i.js            10.42 kB │ gzip:     3.65 kB
dist/assets/clojure-BMjYHr_A.js                          10.82 kB │ gzip:     3.96 kB
dist/assets/diagram-B4RE2ZJO-DdTEI1h4.js                 10.82 kB │ gzip:     4.17 kB
dist/assets/idl-BEugSyMb.js                              11.63 kB │ gzip:     4.54 kB
dist/assets/index-B-Ne_Tqq.js                            12.71 kB │ gzip:     5.50 kB
dist/assets/index-CQhnoMzv.js                            14.79 kB │ gzip:     5.89 kB
dist/assets/chunk-6Q2QTUOP-JaRw_noZ.js                   15.76 kB │ gzip:     4.42 kB
dist/assets/diagram-Q27KOJAE-Xp_t5FJk.js                 16.07 kB │ gzip:     5.73 kB
dist/assets/index-CAArjjho.js                            16.31 kB │ gzip:     7.23 kB
dist/assets/javascript-iXu5QeM3.js                       17.08 kB │ gzip:     5.72 kB
dist/assets/ishikawaDiagram-WSZJBQD7-BxGKweWz.js         17.57 kB │ gzip:     6.63 kB
dist/assets/kanban-definition-27J2QSJJ-BYAUICMB.js       20.70 kB │ gzip:     7.23 kB
dist/assets/index-CY9wVpdA.js                            20.95 kB │ gzip:     9.13 kB
dist/assets/index-8xrTHNVu.js                            21.23 kB │ gzip:     9.49 kB
dist/assets/clike-B9uivgTg.js                            22.30 kB │ gzip:     7.79 kB
dist/assets/index-DWRzd49X.js                            23.06 kB │ gzip:    10.01 kB
dist/assets/CompanyExport-DslM-q5L.js                    23.28 kB │ gzip:     7.88 kB
dist/assets/mindmap-definition-FAOFIHXS-Cm1a760w.js      23.36 kB │ gzip:     7.82 kB
dist/assets/sankeyDiagram-W5VNT64P-BwZUaK9x.js           23.39 kB │ gzip:     8.54 kB
dist/assets/journeyDiagram-NVQOT4AX-DfQz4ctB.js          23.57 kB │ gzip:     8.30 kB
dist/assets/graph-C9eacEi8.js                            23.95 kB │ gzip:     8.30 kB
dist/assets/index-Tlny4jZ0.js                            25.75 kB │ gzip:     8.58 kB
dist/assets/stylus-B533Al4x.js                           25.80 kB │ gzip:     8.62 kB
dist/assets/wardleyDiagram-T6FBY63Y-CIuiZaNg.js          26.10 kB │ gzip:     6.90 kB
dist/assets/css-BnMrqG3P.js                              27.13 kB │ gzip:     8.49 kB
dist/assets/index-BX52Riza.js                            27.20 kB │ gzip:    11.96 kB
dist/assets/erDiagram-JOGREHBK-DhqvtUOL.js               27.22 kB │ gzip:     9.36 kB
dist/assets/index-Ci0Y1ISX.js                            28.72 kB │ gzip:    11.40 kB
dist/assets/gitGraphDiagram-DS77QQ5N-DNIwvIzK.js         29.94 kB │ gzip:     8.85 kB
dist/assets/index-uvy9CY0x.js                            30.82 kB │ gzip:    12.35 kB
dist/assets/layout-DEXfKzaS.js                           31.00 kB │ gzip:    11.18 kB
dist/assets/requirementDiagram-LRYGKXZP-C0TsAdVm.js      31.21 kB │ gzip:     9.70 kB
dist/assets/timeline-definition-Z64GVDOM-Ck3-mWZ3.js     31.35 kB │ gzip:    10.37 kB
dist/assets/index-CVmE1Glu.js                            32.35 kB │ gzip:    12.98 kB
dist/assets/quadrantDiagram-CIZ2JOQS-BI8w39dk.js         34.49 kB │ gzip:    10.01 kB
dist/assets/sql-D0XecflT.js                              37.05 kB │ gzip:    10.91 kB
dist/assets/chunk-5RXB4S5H-DsPdNirf.js                   38.63 kB │ gzip:    12.55 kB
dist/assets/index-ClpPhJhT.js                            40.73 kB │ gzip:    16.16 kB
dist/assets/xychartDiagram-ELKLHX3M-DK8UVDNO.js          41.94 kB │ gzip:    11.95 kB
dist/assets/vennDiagram-T6HMQDX7-B3jpIerg.js             42.25 kB │ gzip:    15.59 kB
dist/assets/index-CXUNM6uw.js                            44.19 kB │ gzip:    15.33 kB
dist/assets/index-CCRJ0Bu2.js                            45.13 kB │ gzip:    18.66 kB
dist/assets/chunk-GF5L2VYU-BgrVpIon.js                   49.30 kB │ gzip:    15.59 kB
dist/assets/flowDiagram-UKHOOZJN-BbJ84SX4.js             61.40 kB │ gzip:    19.40 kB
dist/assets/ganttDiagram-PKOTCBZU-C8DLZ_gf.js            69.70 kB │ gzip:    23.31 kB
dist/assets/c4Diagram-5PPSVZJV-BMxq_unr.js               69.97 kB │ gzip:    19.49 kB
dist/assets/index-CJRGPRr9.js                            70.81 kB │ gzip:    25.08 kB
dist/assets/blockDiagram-VBNYF7ZC-kK0YzYzB.js            75.13 kB │ gzip:    21.42 kB
dist/assets/cose-bilkent-JH36ORCC-DXNQFce9.js            81.72 kB │ gzip:    22.39 kB
dist/assets/index-B5He2Kak.js                            87.01 kB │ gzip:    33.65 kB
dist/assets/index-BBNtt8HV.js                            97.89 kB │ gzip:    27.97 kB
dist/assets/index-BPv_-z5Y.js                           103.92 kB │ gzip:    33.30 kB
dist/assets/sequenceDiagram-SI44F4Z6-hAboCU8f.js        117.45 kB │ gzip:    31.02 kB
dist/assets/swimlanes-SLNWSIFB-Cfrcjzsx.js              120.25 kB │ gzip:    43.66 kB
dist/assets/architectureDiagram-T3A2C74G-B9nUKf00.js    151.91 kB │ gzip:    42.85 kB
dist/assets/katex-yT8l5JNH.js                           260.51 kB │ gzip:    77.04 kB
dist/assets/cytoscape.esm-DShqj__B.js                   442.60 kB │ gzip:   141.18 kB
dist/assets/mermaid.core-DA47SBFQ.js                    635.01 kB │ gzip:   151.23 kB
dist/assets/cynefin-VYW2F7L2-C1zJWtn6.js                688.47 kB │ gzip:   153.72 kB
dist/assets/index-D5iCR2O3.js                         7,487.17 kB │ gzip: 2,063.88 kB

(!) Some chunks are larger than 500 kB after minification. Consider:
- Using dynamic import() to code-split the application
- Use build.rollupOptions.output.manualChunks to improve chunking: https://rollupjs.org/configuration-options/#output-manualchunks
- Adjust chunk size limit for this warning via build.chunkSizeWarningLimit.
✓ built in 54.06s
